+ cd surgery/stage
+ W=../../miniapp/assets/video/welcome-final-30s.mp4
+ V6=../../miniapp/assets/video/campaign-v6.mp4
+ P=../../miniapp/assets/drop/hero-sila-chest-v1.jpg
+ ENC='-c:v libx264 -preset fast -crf 18 -video_track_timescale 15360'
+ ffmpeg -y -v error -i ../../miniapp/assets/video/welcome-final-30s.mp4 -vf 'select='\''between(n,0,273)'\'',setpts=N/FRAME_RATE/TB,fps=24,setsar=1,format=yuv420p' -an -frames:v 274 -c:v libx264 -preset fast -crf 18 -video_track_timescale 15360 w0.mp4
+ ffmpeg -y -v error -i ../../miniapp/assets/video/welcome-final-30s.mp4 -vf 'select='\''between(n,326,507)'\'',setpts=N/FRAME_RATE/TB,fps=24,setsar=1,format=yuv420p' -an -frames:v 182 -c:v libx264 -preset fast -crf 18 -video_track_timescale 15360 w1.mp4
+ ffmpeg -y -v error -i ../../miniapp/assets/video/welcome-final-30s.mp4 -vf 'select='\''between(n,594,733)'\'',setpts=N/FRAME_RATE/TB,fps=24,setsar=1,format=yuv420p' -an -frames:v 140 -c:v libx264 -preset fast -crf 18 -video_track_timescale 15360 w2.mp4
+ ffmpeg -y -v error -loop 1 -framerate 24 -i ../../miniapp/assets/drop/hero-sila-chest-v1.jpg -vf 'scale=1080:-2,crop=880:1174:100:300,zoompan=z='\''1.035-on*0.0004'\'':x='\''iw/2-iw/zoom/2'\'':y='\''ih/2-ih/zoom/2'\'':d=1:s=540x720:fps=24,eq=contrast=1.03:saturation=0.85,setsar=1,format=yuv420p' -frames:v 86 -an -c:v libx264 -preset fast -crf 18 -video_track_timescale 15360 wn1.mp4
+ printf 'file '\''w0.mp4'\''\nfile '\''w1.mp4'\''\nfile '\''wn1.mp4'\''\nfile '\''w2.mp4'\''\n'
+ ffmpeg -y -v error -f concat -safe 0 -i wlist.txt -c copy -movflags +faststart ../welcome-v2.mp4
++ XV ../welcome-v2.mp4
++ ffprobe -v error -select_streams v:0 -show_entries stream=nb_frames -of default=noprint_wrappers=1:nokey=1 ../welcome-v2.mp4
+ '[' 682 = 682 ']'
+ ffmpeg -y -v error -i ../../miniapp/assets/video/campaign-v6.mp4 -vf 'select='\''between(n,42,316)'\'',setpts=N/FRAME_RATE/TB,fps=30,setsar=1,format=yuv420p' -an -frames:v 275 -c:v libx264 -preset fast -crf 18 -video_track_timescale 15360 a1.mp4
+ ffmpeg -y -v error -i ../../miniapp/assets/video/campaign-v6.mp4 -vf 'select='\''between(n,350,588)'\'',setpts=N/FRAME_RATE/TB,fps=30,setsar=1,format=yuv420p' -an -frames:v 239 -c:v libx264 -preset fast -crf 18 -video_track_timescale 15360 a2.mp4
+ ffmpeg -y -v error -loop 1 -framerate 30 -i ../../miniapp/assets/drop/hero-sila-chest-v1.jpg -vf 'scale=900:-2,crop=632:1124:134:112,zoompan=z='\''1+on*0.0003'\'':x='\''iw/2-iw/zoom/2'\'':y='\''ih/2-ih/zoom/2'\'':d=1:s=720x1280:fps=30,eq=contrast=1.02:saturation=0.82,setsar=1,format=yuv420p' -frames:v 42 -an -c:v libx264 -preset fast -crf 18 -video_track_timescale 15360 an0.mp4
+ ffmpeg -y -v error -loop 1 -framerate 30 -i ../../miniapp/assets/drop/hero-sila-chest-v1.jpg -vf 'scale=1600:-2,crop=616:1094:524:450,zoompan=z='\''1+on*0.0004'\'':x='\''iw/2-iw/zoom/2'\'':y='\''ih/2-ih/zoom/2'\'':d=1:s=720x1280:fps=30,eq=contrast=1.02:saturation=0.82,setsar=1,format=yuv420p' -frames:v 33 -an -c:v libx264 -preset fast -crf 18 -video_track_timescale 15360 an1.mp4
+ printf 'file '\''an0.mp4'\''\nfile '\''a1.mp4'\''\nfile '\''an1.mp4'\''\nfile '\''a2.mp4'\''\n'
+ ffmpeg -y -v error -f concat -safe 0 -i alist.txt -i ../../miniapp/assets/video/campaign-v6.mp4 -map 0:v:0 -map 1:a:0 -c:v copy -c:a copy -movflags +faststart ../v6a-replace.mp4
++ XV ../v6a-replace.mp4
++ ffprobe -v error -select_streams v:0 -show_entries stream=nb_frames -of default=noprint_wrappers=1:nokey=1 ../v6a-replace.mp4
+ '[' 547 = 589 ']'
++ XV ../v6a-replace.mp4
++ ffprobe -v error -select_streams v:0 -show_entries stream=nb_frames -of default=noprint_wrappers=1:nokey=1 ../v6a-replace.mp4
+ E 'v6a frames: 547'
+ echo '::error::v6a frames: 547'
::error::v6a frames: 547
+ exit 1
